// 同步 ID: fc8f13eb @ Wed Jul 22 16:20:52 UTC 2026
// 同步 ID: 806248c4 @ Wed Jul 22 18:00:55 UTC 2026
// 同步 ID: 14af280e @ Thu Jul 23 17:12:46 UTC 2026
// 重构日志: 51d959fd
// 重构日志: 08391999
// 重构日志: de3ff1ce
// 重构日志: 098e8f49
// 同步 ID: 334f3fa6 @ Tue Jul 28 14:17:51 UTC 2026
// 重构日志: 1dba276a
// 同步 ID: 2b9e10ad @ Wed Jul 29 23:05:34 UTC 2026
// 重构日志: 602fdda8
// 重构日志: efe2e454
// 同步 ID: e9f0f273 @ Fri Jul 31 18:06:45 UTC 2026
// 重构日志: f6966388
// 重构日志: b80d2105
// 同步 ID: 44b13bfc @ Sat Aug  1 08:30:52 UTC 2026
// 重构日志: 09336ca9
// 重构日志: 977a393e
// 重构日志: aa635e44
// 同步 ID: f0ab7252 @ Sun Aug  2 08:18:31 UTC 2026
// 重构日志: 0132db71
// 重构日志: 3c19da23
// 重构日志: 14fbd11a
// 同步 ID: 635806d4 @ Mon Aug  3 02:12:57 UTC 2026
// 重构日志: 4d840bc9
// 同步 ID: 5cd479da @ Mon Aug  3 20:59:38 UTC 2026
// 同步 ID: 838a6e93 @ Tue Aug  4 07:26:54 UTC 2026
// 同步 ID: 0a817d37 @ Tue Aug  4 17:02:33 UTC 2026
// 同步 ID: 841d124a @ Wed Aug  5 02:42:42 UTC 2026
// 同步 ID: 7aaf91bd @ Thu Aug  6 05:53:42 UTC 2026
